[    0.000000] Initializing cgroup subsys cpuset
[    0.000000] Initializing cgroup subsys cpu
[    0.000000] Linux version 3.0.0-16-generic (buildd@allspice) (gcc version 4.6.1 (Ubuntu/Linaro 4.6.1-9ubuntu3) ) #28-Ubuntu SMP Fri Jan 27 17:44:39 UTC 2012 (Ubuntu 3.0.0-16.28-generic 3.0.17)
[    0.000000] Command line: BOOT_IMAGE=/boot/vmlinuz-3.0.0-16-generic root=UUID=953d1be3-501e-4769-a31c-b8368679da65 ro quiet splash vt.handoff=7
[    0.000000] KERNEL supported cpus:
[    0.000000]   Intel GenuineIntel
[    0.000000]   AMD AuthenticAMD
[    0.000000]   Centaur CentaurHauls
[    0.000000] BIOS-provided physical RAM map:
[    0.000000]  BIOS-e820: 0000000000000000 - 000000000009fc00 (usable)
[    0.000000]  BIOS-e820: 000000000009fc00 - 00000000000a0000 (reserved)
[    0.000000]  BIOS-e820: 00000000000e0000 - 0000000000100000 (reserved)
[    0.000000]  BIOS-e820: 0000000000100000 - 00000000cf0a4000 (usable)
[    0.000000]  BIOS-e820: 00000000cf0a4000 - 00000000cf12b000 (ACPI NVS)
[    0.000000]  BIOS-e820: 00000000cf12b000 - 00000000cfdf1000 (usable)
[    0.000000]  BIOS-e820: 00000000cfdf1000 - 00000000cfdf3000 (reserved)
[    0.000000]  BIOS-e820: 00000000cfdf3000 - 00000000cfe8a000 (usable)
[    0.000000]  BIOS-e820: 00000000cfe8a000 - 00000000cfee1000 (ACPI NVS)
[    0.000000]  BIOS-e820: 00000000cfee1000 - 00000000cfee6000 (usable)
[    0.000000]  BIOS-e820: 00000000cfee6000 - 00000000cfef2000 (ACPI data)
[    0.000000]  BIOS-e820: 00000000cfef2000 - 00000000cfef3000 (usable)
[    0.000000]  BIOS-e820: 00000000cfef3000 - 00000000cfeff000 (ACPI data)
[    0.000000]  BIOS-e820: 00000000cfeff000 - 00000000cff00000 (usable)
[    0.000000]  BIOS-e820: 00000000cff00000 - 00000000d0000000 (reserved)
[    0.000000]  BIOS-e820: 00000000f0000000 - 00000000f8000000 (reserved)
[    0.000000]  BIOS-e820: 00000000ffe00000 - 0000000100000000 (reserved)
[    0.000000]  BIOS-e820: 0000000100000000 - 0000000230000000 (usable)
[    0.000000] NX (Execute Disable) protection: active
[    0.000000] DMI 2.4 present.
[    0.000000] DMI: Comptronic pczW1007/DX38BT, BIOS BTX3810J.86A.2006.2009.1023.1057 10/23/2009
[    0.000000] e820 update range: 0000000000000000 - 0000000000010000 (usable) ==> (reserved)
[    0.000000] e820 remove range: 00000000000a0000 - 0000000000100000 (usable)
[    0.000000] No AGP bridge found
[    0.000000] last_pfn = 0x230000 max_arch_pfn = 0x400000000
[    0.000000] MTRR default type: uncachable
[    0.000000] MTRR fixed ranges enabled:
[    0.000000]   00000-9FFFF write-back
[    0.000000]   A0000-BFFFF uncachable
[    0.000000]   C0000-DFFFF write-protect
[    0.000000]   E0000-FFFFF uncachable
[    0.000000] MTRR variable ranges enabled:
[    0.000000]   0 base 000000000 mask F80000000 write-back
[    0.000000]   1 base 080000000 mask FC0000000 write-back
[    0.000000]   2 base 0C0000000 mask FF0000000 write-back
[    0.000000]   3 base 0CFF00000 mask FFFF00000 uncachable
[    0.000000]   4 base 100000000 mask F00000000 write-back
[    0.000000]   5 base 200000000 mask F00000000 write-back
[    0.000000]   6 disabled
[    0.000000] x86 PAT enabled: cpu 0, old 0x7040600070406, new 0x7010600070106
[    0.000000] original variable MTRRs
[    0.000000] reg 0, base: 0GB, range: 2GB, type WB
[    0.000000] reg 1, base: 2GB, range: 1GB, type WB
[    0.000000] reg 2, base: 3GB, range: 256MB, type WB
[    0.000000] reg 3, base: 3327MB, range: 1MB, type UC
[    0.000000] reg 4, base: 4GB, range: 4GB, type WB
[    0.000000] reg 5, base: 8GB, range: 4GB, type WB
[    0.000000] total RAM covered: 11519M
[    0.000000] Found optimal setting for mtrr clean up
[    0.000000]  gran_size: 64K 	chunk_size: 2M 	num_reg: 6  	lose cover RAM: 0G
[    0.000000] New variable MTRRs
[    0.000000] reg 0, base: 0GB, range: 2GB, type WB
[    0.000000] reg 1, base: 2GB, range: 1GB, type WB
[    0.000000] reg 2, base: 3GB, range: 256MB, type WB
[    0.000000] reg 3, base: 3327MB, range: 1MB, type UC
[    0.000000] reg 4, base: 4GB, range: 4GB, type WB
[    0.000000] reg 5, base: 8GB, range: 4GB, type WB
[    0.000000] e820 update range: 00000000cff00000 - 0000000100000000 (usable) ==> (reserved)
[    0.000000] last_pfn = 0xcff00 max_arch_pfn = 0x400000000
[    0.000000] found SMP MP-table at [ffff8800000fe200] fe200
[    0.000000] initial memory mapped : 0 - 20000000
[    0.000000] Base memory trampoline at [ffff88000009a000] 9a000 size 20480
[    0.000000] init_memory_mapping: 0000000000000000-00000000cff00000
[    0.000000]  0000000000 - 00cfe00000 page 2M
[    0.000000]  00cfe00000 - 00cff00000 page 4k
[    0.000000] kernel direct mapping tables up to cff00000 @ 1fffa000-20000000
[    0.000000] init_memory_mapping: 0000000100000000-0000000230000000
[    0.000000]  0100000000 - 0230000000 page 2M
[    0.000000] kernel direct mapping tables up to 230000000 @ cfe80000-cfe8a000
[    0.000000] RAMDISK: 3659e000 - 372c7000
[    0.000000] ACPI: RSDP 00000000000fe020 00014 (v00 INTEL )
[    0.000000] ACPI: RSDT 00000000cfefd038 00068 (v01 INTEL  DX38BT   000007D6      01000013)
[    0.000000] ACPI: FACP 00000000cfefc000 00074 (v01 INTEL  DX38BT   000007D6 MSFT 01000013)
[    0.000000] ACPI: DSDT 00000000cfef7000 040A6 (v01 INTEL  DX38BT   000007D6 MSFT 01000013)
[    0.000000] ACPI: FACS 00000000cfe9c000 00040
[    0.000000] ACPI: APIC 00000000cfef6000 00078 (v01 INTEL  DX38BT   000007D6 MSFT 01000013)
[    0.000000] ACPI: WDDT 00000000cfef5000 00040 (v01 INTEL  DX38BT   000007D6 MSFT 01000013)
[    0.000000] ACPI: MCFG 00000000cfef4000 0003C (v01 INTEL  DX38BT   000007D6 MSFT 01000013)
[    0.000000] ACPI: ASF! 00000000cfef3000 000A6 (v32 INTEL  DX38BT   000007D6 MSFT 01000013)
[    0.000000] ACPI: DMAR 00000000cfef1000 000F8 (v01 INTEL  DX38BT   000007D6 MSFT 01000013)
[    0.000000] ACPI: SSDT 00000000cfeee000 00204 (v01 INTEL     CpuPm 000007D6 MSFT 01000013)
[    0.000000] ACPI: SSDT 00000000cfeed000 001F9 (v01 INTEL   Cpu0Ist 000007D6 MSFT 01000013)
[    0.000000] ACPI: SSDT 00000000cfeec000 001F9 (v01 INTEL   Cpu1Ist 000007D6 MSFT 01000013)
[    0.000000] ACPI: SSDT 00000000cfeeb000 001F9 (v01 INTEL   Cpu2Ist 000007D6 MSFT 01000013)
[    0.000000] ACPI: SSDT 00000000cfeea000 001F9 (v01 INTEL   Cpu3Ist 000007D6 MSFT 01000013)
[    0.000000] ACPI: SSDT 00000000cfee9000 001CF (v01 INTEL   Cpu0Cst 000007D6 MSFT 01000013)
[    0.000000] ACPI: SSDT 00000000cfee8000 001CF (v01 INTEL   Cpu1Cst 000007D6 MSFT 01000013)
[    0.000000] ACPI: SSDT 00000000cfee7000 001CF (v01 INTEL   Cpu2Cst 000007D6 MSFT 01000013)
[    0.000000] ACPI: SSDT 00000000cfee6000 001CF (v01 INTEL   Cpu3Cst 000007D6 MSFT 01000013)
[    0.000000] ACPI: WDTT 00000000cfeef000 002CC (v01 INTEL  DX38BT   000007D6 MSFT 01000013)
[    0.000000] ACPI: ASPT 00000000cfef0000 00034 (v03 INTEL  PerfTune 000007D6 MSFT 01000013)
[    0.000000] ACPI: Local APIC address 0xfee00000
[    0.000000] No NUMA configuration found
[    0.000000] Faking a node at 0000000000000000-0000000230000000
[    0.000000] Initmem setup node 0 0000000000000000-0000000230000000
[    0.000000]   NODE_DATA [000000022fffb000 - 000000022fffffff]
[    0.000000]  [ffffea0000000000-ffffea0007bfffff] PMD -> [ffff880227600000-ffff88022e7fffff] on node 0
[    0.000000] Zone PFN ranges:
[    0.000000]   DMA      0x00000010 -> 0x00001000
[    0.000000]   DMA32    0x00001000 -> 0x00100000
[    0.000000]   Normal   0x00100000 -> 0x00230000
[    0.000000] Movable zone start PFN for each node
[    0.000000] early_node_map[8] active PFN ranges
[    0.000000]     0: 0x00000010 -> 0x0000009f
[    0.000000]     0: 0x00000100 -> 0x000cf0a4
[    0.000000]     0: 0x000cf12b -> 0x000cfdf1
[    0.000000]     0: 0x000cfdf3 -> 0x000cfe8a
[    0.000000]     0: 0x000cfee1 -> 0x000cfee6
[    0.000000]     0: 0x000cfef2 -> 0x000cfef3
[    0.000000]     0: 0x000cfeff -> 0x000cff00
[    0.000000]     0: 0x00100000 -> 0x00230000
[    0.000000] On node 0 totalpages: 2096535
[    0.000000]   DMA zone: 56 pages used for memmap
[    0.000000]   DMA zone: 5 pages reserved
[    0.000000]   DMA zone: 3922 pages, LIFO batch:0
[    0.000000]   DMA32 zone: 14280 pages used for memmap
[    0.000000]   DMA32 zone: 833088 pages, LIFO batch:31
[    0.000000]   Normal zone: 17024 pages used for memmap
[    0.000000]   Normal zone: 1228160 pages, LIFO batch:31
[    0.000000] ACPI: PM-Timer IO Port: 0x408
[    0.000000] ACPI: Local APIC address 0xfee00000
[    0.000000] ACPI: LAPIC (acpi_id[0x01] lapic_id[0x00] enabled)
[    0.000000] ACPI: LAPIC (acpi_id[0x02] lapic_id[0x01] enabled)
[    0.000000] ACPI: LAPIC (acpi_id[0x03] lapic_id[0x82] disabled)
[    0.000000] ACPI: LAPIC (acpi_id[0x04] lapic_id[0x83] disabled)
[    0.000000] ACPI: LAPIC_NMI (acpi_id[0x01] dfl dfl lint[0x1])
[    0.000000] ACPI: LAPIC_NMI (acpi_id[0x02] dfl dfl lint[0x1])
[    0.000000] ACPI: IOAPIC (id[0x02] address[0xfec00000] gsi_base[0])
[    0.000000] IOAPIC[0]: apic_id 2, version 32, address 0xfec00000, GSI 0-23
[    0.000000] ACPI: INT_SRC_OVR (bus 0 bus_irq 0 global_irq 2 dfl dfl)
[    0.000000] ACPI: INT_SRC_OVR (bus 0 bus_irq 9 global_irq 9 high level)
[    0.000000] ACPI: IRQ0 used by override.
[    0.000000] ACPI: IRQ2 used by override.
[    0.000000] ACPI: IRQ9 used by override.
[    0.000000] Using ACPI (MADT) for SMP configuration information
[    0.000000] SMP: Allowing 4 CPUs, 2 hotplug CPUs
[    0.000000] nr_irqs_gsi: 40
[    0.000000] PM: Registered nosave memory: 000000000009f000 - 00000000000a0000
[    0.000000] PM: Registered nosave memory: 00000000000a0000 - 00000000000e0000
[    0.000000] PM: Registered nosave memory: 00000000000e0000 - 0000000000100000
[    0.000000] PM: Registered nosave memory: 00000000cf0a4000 - 00000000cf12b000
[    0.000000] PM: Registered nosave memory: 00000000cfdf1000 - 00000000cfdf3000
[    0.000000] PM: Registered nosave memory: 00000000cfe8a000 - 00000000cfee1000
[    0.000000] PM: Registered nosave memory: 00000000cfee6000 - 00000000cfef2000
[    0.000000] PM: Registered nosave memory: 00000000cfef3000 - 00000000cfeff000
[    0.000000] PM: Registered nosave memory: 00000000cff00000 - 00000000d0000000
[    0.000000] PM: Registered nosave memory: 00000000d0000000 - 00000000f0000000
[    0.000000] PM: Registered nosave memory: 00000000f0000000 - 00000000f8000000
[    0.000000] PM: Registered nosave memory: 00000000f8000000 - 00000000ffe00000
[    0.000000] PM: Registered nosave memory: 00000000ffe00000 - 0000000100000000
[    0.000000] Allocating PCI resources starting at d0000000 (gap: d0000000:20000000)
[    0.000000] Booting paravirtualized kernel on bare hardware
[    0.000000] setup_percpu: NR_CPUS:256 nr_cpumask_bits:256 nr_cpu_ids:4 nr_node_ids:1
[    0.000000] PERCPU: Embedded 27 pages/cpu @ffff88022fc00000 s79616 r8192 d22784 u524288
[    0.000000] pcpu-alloc: s79616 r8192 d22784 u524288 alloc=1*2097152
[    0.000000] pcpu-alloc: [0] 0 1 2 3 
[    0.000000] Built 1 zonelists in Zone order, mobility grouping on.  Total pages: 2065170
[    0.000000] Policy zone: Normal
[    0.000000] Kernel command line: BOOT_IMAGE=/boot/vmlinuz-3.0.0-16-generic root=UUID=953d1be3-501e-4769-a31c-b8368679da65 ro quiet splash vt.handoff=7
[    0.000000] PID hash table entries: 4096 (order: 3, 32768 bytes)
[    0.000000] xsave/xrstor: enabled xstate_bv 0x3, cntxt size 0x240
[    0.000000] Checking aperture...
[    0.000000] No AGP bridge found
[    0.000000] Calgary: detecting Calgary via BIOS EBDA area
[    0.000000] Calgary: Unable to locate Rio Grande table in EBDA - bailing!
[    0.000000] ------------[ cut here ]------------
[    0.000000] WARNING: at /build/buildd/linux-3.0.0/drivers/pci/dmar.c:634 warn_invalid_dmar+0x8f/0xa0()
[    0.000000] Hardware name: pczW1007
[    0.000000] Your BIOS is broken; DMAR reported at address feb00000 returns all ones!
[    0.000000] BIOS vendor: Intel Corp.; Ver: BTX3810J.86A.2006.2009.1023.1057; Product Version: pcx16767
[    0.000000] Modules linked in:
[    0.000000] Pid: 0, comm: swapper Not tainted 3.0.0-16-generic #28-Ubuntu
[    0.000000] Call Trace:
[    0.000000]  [<ffffffff8105e8cf>] warn_slowpath_common+0x7f/0xc0
[    0.000000]  [<ffffffff8105e96f>] warn_slowpath_fmt_taint+0x3f/0x50
[    0.000000]  [<ffffffff81ce7384>] ? __early_set_fixmap+0x96/0x9d
[    0.000000]  [<ffffffff8132536f>] warn_invalid_dmar+0x8f/0xa0
[    0.000000]  [<ffffffff81ce77ed>] ? early_iounmap+0xe4/0x12e
[    0.000000]  [<ffffffff81cffcbf>] check_zero_address+0xc4/0xff
[    0.000000]  [<ffffffff815fe94c>] ? bad_to_user+0x7f6/0x7f6
[    0.000000]  [<ffffffff81cffd10>] detect_intel_iommu+0x16/0xad
[    0.000000]  [<ffffffff81cd8b54>] pci_iommu_alloc+0x44/0x6f
[    0.000000]  [<ffffffff81ce7147>] mem_init+0x19/0xec
[    0.000000]  [<ffffffff81cd0a2c>] start_kernel+0x1d5/0x3df
[    0.000000]  [<ffffffff81cd0388>] x86_64_start_reservations+0x132/0x136
[    0.000000]  [<ffffffff81cd0140>] ? early_idt_handlers+0x140/0x140
[    0.000000]  [<ffffffff81cd0459>] x86_64_start_kernel+0xcd/0xdc
[    0.000000] ---[ end trace a7919e7f17c0a725 ]---
[    0.000000] Disabling lock debugging due to kernel taint
[    0.000000] Memory: 8173796k/9175040k available (6138k kernel code, 788900k absent, 212344k reserved, 6896k data, 988k init)
[    0.000000] SLUB: Genslabs=15, HWalign=64, Order=0-3, MinObjects=0, CPUs=4, Nodes=1
[    0.000000] Hierarchical RCU implementation.
[    0.000000] 	RCU dyntick-idle grace-period acceleration is enabled.
[    0.000000] NR_IRQS:16640 nr_irqs:712 16
[    0.000000] vt handoff: transparent VT on vt#7
[    0.000000] Console: colour dummy device 80x25
[    0.000000] console [tty0] enabled
[    0.000000] allocated 67108864 bytes of page_cgroup
[    0.000000] please try 'cgroup_disable=memory' option if you don't want memory cgroups
[    0.000000] Fast TSC calibration using PIT
[    0.000000] Detected 3000.055 MHz processor.
[    0.008003] Calibrating delay loop (skipped), value calculated using timer frequency.. 6000.11 BogoMIPS (lpj=12000220)
[    0.008007] pid_max: default: 32768 minimum: 301
[    0.008030] Security Framework initialized
[    0.008045] AppArmor: AppArmor initialized
[    0.008046] Yama: becoming mindful.
[    0.008643] Dentry cache hash table entries: 1048576 (order: 11, 8388608 bytes)
[    0.013228] Inode-cache hash table entries: 524288 (order: 10, 4194304 bytes)
[    0.014569] Mount-cache hash table entries: 256
[    0.014685] Initializing cgroup subsys cpuacct
[    0.014689] Initializing cgroup subsys memory
[    0.014696] Initializing cgroup subsys devices
[    0.014698] Initializing cgroup subsys freezer
[    0.014699] Initializing cgroup subsys net_cls
[    0.014701] Initializing cgroup subsys blkio
[    0.014706] Initializing cgroup subsys perf_event
[    0.014730] CPU: Physical Processor ID: 0
[    0.014732] CPU: Processor Core ID: 0
[    0.014733] mce: CPU supports 6 MCE banks
[    0.014740] CPU0: Thermal monitoring enabled (TM2)
[    0.014744] using mwait in idle threads.
[    0.016741] ACPI: Core revision 20110413
[    0.020029] ftrace: allocating 25737 entries in 101 pages
[    0.024046] DMAR: Host address width 36
[    0.024049] DMAR: DRHD base: 0x000000feb00000 flags: 0x0
[    0.024057] DMAR: parse DMAR table failure.
[    0.024395] ..TIMER: vector=0x30 apic1=0 pin1=2 apic2=-1 pin2=-1
[    0.066596] CPU0: Intel(R) Core(TM)2 Duo CPU     E8400  @ 3.00GHz stepping 0a
[    0.068003] Performance Events: PEBS fmt0+, Core2 events, Intel PMU driver.
[    0.068003] ... version:                2
[    0.068003] ... bit width:              40
[    0.068003] ... generic registers:      2
[    0.068003] ... value mask:             000000ffffffffff
[    0.068003] ... max period:             000000007fffffff
[    0.068003] ... fixed-purpose events:   3
[    0.068003] ... event mask:             0000000700000003
[    0.068003] Booting Node   0, Processors  #1
[    0.068003] smpboot cpu 1: start_ip = 9a000
[    0.156021] Brought up 2 CPUs
[    0.156024] Total of 2 processors activated (11999.77 BogoMIPS).
[    0.157510] devtmpfs: initialized
[    0.157510] PM: Registering ACPI NVS region at cf0a4000 (552960 bytes)
[    0.157510] PM: Registering ACPI NVS region at cfe8a000 (356352 bytes)
[    0.157510] print_constraints: dummy: 
[    0.157510] Time: 16:35:21  Date: 02/17/12
[    0.157510] NET: Registered protocol family 16
[    0.157510] Trying to unpack rootfs image as initramfs...
[    0.157510] ACPI FADT declares the system doesn't support PCIe ASPM, so disable it
[    0.157510] ACPI: bus type pci registered
[    0.157510] PCI: MMCONFIG for domain 0000 [bus 00-7f] at [mem 0xf0000000-0xf7ffffff] (base 0xf0000000)
[    0.157510] PCI: MMCONFIG at [mem 0xf0000000-0xf7ffffff] reserved in E820
[    0.185184] PCI: Using configuration type 1 for base access
[    0.185825] bio: create slab <bio-0> at 0
[    0.186553] ACPI: EC: Look up EC in DSDT
[    0.188000] ACPI: Interpreter enabled
[    0.188003] ACPI: (supports S0 S1 S3 S4 S5)
[    0.188024] ACPI: Using IOAPIC for interrupt routing
[    0.190548] ACPI: No dock devices found.
[    0.190549] HEST: Table not found.
[    0.190552] PCI: Using host bridge windows from ACPI; if necessary, use "pci=nocrs" and report a bug
[    0.190965] ACPI: PCI Root Bridge [PCI0] (domain 0000 [bus 00-ff])
[    0.191769] pci_root PNP0A03:00: host bridge window [io  0x0000-0x0cf7]
[    0.191771] pci_root PNP0A03:00: host bridge window [io  0x0d00-0xffff]
[    0.191773] pci_root PNP0A03:00: host bridge window [mem 0x000a0000-0x000bffff]
[    0.191775] pci_root PNP0A03:00: host bridge window [mem 0x000e0000-0x000effff]
[    0.191777] pci_root PNP0A03:00: host bridge window [mem 0xf8000000-0xfeafffff]
[    0.191778] pci_root PNP0A03:00: host bridge window [mem 0xd0000000-0xefffffff]
[    0.191789] pci 0000:00:00.0: [8086:29e0] type 0 class 0x000600
[    0.191819] pci 0000:00:01.0: [8086:29e1] type 1 class 0x000604
[    0.191841] pci 0000:00:01.0: PME# supported from D0 D3hot D3cold
[    0.191843] pci 0000:00:01.0: PME# disabled
[    0.191875] pci 0000:00:19.0: [8086:294c] type 0 class 0x000200
[    0.191891] pci 0000:00:19.0: reg 10: [mem 0xe3200000-0xe321ffff]
[    0.191898] pci 0000:00:19.0: reg 14: [mem 0xe3224000-0xe3224fff]
[    0.191905] pci 0000:00:19.0: reg 18: [io  0x30e0-0x30ff]
[    0.191945] pci 0000:00:19.0: PME# supported from D0 D3hot D3cold
[    0.191948] pci 0000:00:19.0: PME# disabled
[    0.191963] pci 0000:00:1a.0: [8086:2937] type 0 class 0x000c03
[    0.191999] pci 0000:00:1a.0: reg 20: [io  0x30c0-0x30df]
[    0.192048] pci 0000:00:1a.1: [8086:2938] type 0 class 0x000c03
[    0.192083] pci 0000:00:1a.1: reg 20: [io  0x30a0-0x30bf]
[    0.192120] pci 0000:00:1a.2: [8086:2939] type 0 class 0x000c03
[    0.192156] pci 0000:00:1a.2: reg 20: [io  0x3080-0x309f]
[    0.192200] pci 0000:00:1a.7: [8086:293c] type 0 class 0x000c03
[    0.192218] pci 0000:00:1a.7: reg 10: [mem 0xe3225400-0xe32257ff]
[    0.192280] pci 0000:00:1a.7: PME# supported from D0 D3hot D3cold
[    0.192283] pci 0000:00:1a.7: PME# disabled
[    0.192304] pci 0000:00:1b.0: [8086:293e] type 0 class 0x000403
[    0.192316] pci 0000:00:1b.0: reg 10: [mem 0xe3220000-0xe3223fff 64bit]
[    0.192361] pci 0000:00:1b.0: PME# supported from D0 D3hot D3cold
[    0.192364] pci 0000:00:1b.0: PME# disabled
[    0.192380] pci 0000:00:1c.0: [8086:2940] type 1 class 0x000604
[    0.192424] pci 0000:00:1c.0: PME# supported from D0 D3hot D3cold
[    0.192427] pci 0000:00:1c.0: PME# disabled
[    0.192446] pci 0000:00:1c.4: [8086:2948] type 1 class 0x000604
[    0.192491] pci 0000:00:1c.4: PME# supported from D0 D3hot D3cold
[    0.192494] pci 0000:00:1c.4: PME# disabled
[    0.192514] pci 0000:00:1d.0: [8086:2934] type 0 class 0x000c03
[    0.192549] pci 0000:00:1d.0: reg 20: [io  0x3060-0x307f]
[    0.192584] pci 0000:00:1d.1: [8086:2935] type 0 class 0x000c03
[    0.192619] pci 0000:00:1d.1: reg 20: [io  0x3040-0x305f]
[    0.192656] pci 0000:00:1d.2: [8086:2936] type 0 class 0x000c03
[    0.192691] pci 0000:00:1d.2: reg 20: [io  0x3020-0x303f]
[    0.192735] pci 0000:00:1d.7: [8086:293a] type 0 class 0x000c03
[    0.192752] pci 0000:00:1d.7: reg 10: [mem 0xe3225000-0xe32253ff]
[    0.192815] pci 0000:00:1d.7: PME# supported from D0 D3hot D3cold
[    0.192819] pci 0000:00:1d.7: PME# disabled
[    0.192835] pci 0000:00:1e.0: [8086:244e] type 1 class 0x000604
[    0.192882] pci 0000:00:1f.0: [8086:2916] type 0 class 0x000601
[    0.192955] pci 0000:00:1f.0: Force enabled HPET at 0xfed00000
[    0.192967] pci 0000:00:1f.0: ICH7 LPC Generic IO decode 1 PIO at 0680 (mask 007f)
[    0.192970] pci 0000:00:1f.0: ICH7 LPC Generic IO decode 2 PIO at 0810 (mask 007f)
[    0.193001] pci 0000:00:1f.2: [8086:2920] type 0 class 0x000101
[    0.193013] pci 0000:00:1f.2: reg 10: [io  0x3458-0x345f]
[    0.193020] pci 0000:00:1f.2: reg 14: [io  0x346c-0x346f]
[    0.193027] pci 0000:00:1f.2: reg 18: [io  0x3450-0x3457]
[    0.193033] pci 0000:00:1f.2: reg 1c: [io  0x3468-0x346b]
[    0.193040] pci 0000:00:1f.2: reg 20: [io  0x3430-0x343f]
[    0.193046] pci 0000:00:1f.2: reg 24: [io  0x3420-0x342f]
[    0.193077] pci 0000:00:1f.3: [8086:2930] type 0 class 0x000c05
[    0.193089] pci 0000:00:1f.3: reg 10: [mem 0xe3225800-0xe32258ff 64bit]
[    0.193107] pci 0000:00:1f.3: reg 20: [io  0x3000-0x301f]
[    0.193133] pci 0000:00:1f.5: [8086:2926] type 0 class 0x000101
[    0.193145] pci 0000:00:1f.5: reg 10: [io  0x3448-0x344f]
[    0.193152] pci 0000:00:1f.5: reg 14: [io  0x3464-0x3467]
[    0.193158] pci 0000:00:1f.5: reg 18: [io  0x3440-0x3447]
[    0.193165] pci 0000:00:1f.5: reg 1c: [io  0x3460-0x3463]
[    0.193171] pci 0000:00:1f.5: reg 20: [io  0x3410-0x341f]
[    0.193178] pci 0000:00:1f.5: reg 24: [io  0x3400-0x340f]
[    0.193232] pci 0000:01:00.0: [10de:06e4] type 0 class 0x000300
[    0.193240] pci 0000:01:00.0: reg 10: [mem 0xe2000000-0xe2ffffff]
[    0.193249] pci 0000:01:00.0: reg 14: [mem 0xd0000000-0xdfffffff 64bit pref]
[    0.193259] pci 0000:01:00.0: reg 1c: [mem 0xe0000000-0xe1ffffff 64bit]
[    0.193265] pci 0000:01:00.0: reg 24: [io  0x2000-0x207f]
[    0.193271] pci 0000:01:00.0: reg 30: [mem 0xfffe0000-0xffffffff pref]
[    0.193300] pci 0000:00:01.0: PCI bridge to [bus 01-01]
[    0.193303] pci 0000:00:01.0:   bridge window [io  0x2000-0x2fff]
[    0.193305] pci 0000:00:01.0:   bridge window [mem 0xe0000000-0xe2ffffff]
[    0.193308] pci 0000:00:01.0:   bridge window [mem 0xd0000000-0xdfffffff 64bit pref]
[    0.193340] pci 0000:00:1c.0: PCI bridge to [bus 02-02]
[    0.193343] pci 0000:00:1c.0:   bridge window [io  0xf000-0x0000] (disabled)
[    0.193346] pci 0000:00:1c.0:   bridge window [mem 0xe3300000-0xe33fffff]
[    0.193351] pci 0000:00:1c.0:   bridge window [mem 0xfff00000-0x000fffff pref] (disabled)
[    0.193399] pci 0000:03:00.0: [11ab:6121] type 0 class 0x000101
[    0.193413] pci 0000:03:00.0: reg 10: [io  0x1018-0x101f]
[    0.193424] pci 0000:03:00.0: reg 14: [io  0x1024-0x1027]
[    0.193434] pci 0000:03:00.0: reg 18: [io  0x1010-0x1017]
[    0.193445] pci 0000:03:00.0: reg 1c: [io  0x1020-0x1023]
[    0.193455] pci 0000:03:00.0: reg 20: [io  0x1000-0x100f]
[    0.193466] pci 0000:03:00.0: reg 24: [mem 0xe3100000-0xe31003ff]
[    0.193506] pci 0000:03:00.0: supports D1
[    0.193507] pci 0000:03:00.0: PME# supported from D0 D1 D3hot
[    0.193511] pci 0000:03:00.0: PME# disabled
[    0.193531] pci 0000:00:1c.4: PCI bridge to [bus 03-03]
[    0.193534] pci 0000:00:1c.4:   bridge window [io  0x1000-0x1fff]
[    0.193537] pci 0000:00:1c.4:   bridge window [mem 0xe3100000-0xe31fffff]
[    0.193542] pci 0000:00:1c.4:   bridge window [mem 0xfff00000-0x000fffff pref] (disabled)
[    0.193573] pci 0000:04:03.0: [104c:8023] type 0 class 0x000c00
[    0.193588] pci 0000:04:03.0: reg 10: [mem 0xe3004000-0xe30047ff]
[    0.193597] pci 0000:04:03.0: reg 14: [mem 0xe3000000-0xe3003fff]
[    0.193649] pci 0000:04:03.0: supports D1 D2
[    0.193650] pci 0000:04:03.0: PME# supported from D0 D1 D2 D3hot
[    0.193654] pci 0000:04:03.0: PME# disabled
[    0.193690] pci 0000:00:1e.0: PCI bridge to [bus 04-04] (subtractive decode)
[    0.193693] pci 0000:00:1e.0:   bridge window [io  0xf000-0x0000] (disabled)
[    0.193696] pci 0000:00:1e.0:   bridge window [mem 0xe3000000-0xe30fffff]
[    0.193701] pci 0000:00:1e.0:   bridge window [mem 0xfff00000-0x000fffff pref] (disabled)
[    0.193703] pci 0000:00:1e.0:   bridge window [io  0x0000-0x0cf7] (subtractive decode)
[    0.193704] pci 0000:00:1e.0:   bridge window [io  0x0d00-0xffff] (subtractive decode)
[    0.193706] pci 0000:00:1e.0:   bridge window [mem 0x000a0000-0x000bffff] (subtractive decode)
[    0.193708] pci 0000:00:1e.0:   bridge window [mem 0x000e0000-0x000effff] (subtractive decode)
[    0.193710] pci 0000:00:1e.0:   bridge window [mem 0xf8000000-0xfeafffff] (subtractive decode)
[    0.193712] pci 0000:00:1e.0:   bridge window [mem 0xd0000000-0xefffffff] (subtractive decode)
[    0.193726] ACPI: PCI Interrupt Routing Table [\_SB_.PCI0._PRT]
[    0.193846] ACPI: PCI Interrupt Routing Table [\_SB_.PCI0.P32_._PRT]
[    0.193920] ACPI: PCI Interrupt Routing Table [\_SB_.PCI0.PEX0._PRT]
[    0.193951] ACPI: PCI Interrupt Routing Table [\_SB_.PCI0.PEX4._PRT]
[    0.194001]  pci0000:00: Requesting ACPI _OSC control (0x1d)
[    0.194004]  pci0000:00: ACPI _OSC request failed (AE_NOT_FOUND), returned control mask: 0x1d
[    0.194005] ACPI _OSC control for PCIe not granted, disabling ASPM
[    0.197087] ACPI: PCI Interrupt Link [LNKA] (IRQs 3 4 5 7 9 10 *11 12)
[    0.197126] ACPI: PCI Interrupt Link [LNKB] (IRQs 3 4 5 7 *9 10 11 12)
[    0.197163] ACPI: PCI Interrupt Link [LNKC] (IRQs 3 4 5 7 9 *10 11 12)
[    0.197200] ACPI: PCI Interrupt Link [LNKD] (IRQs 3 4 5 7 9 10 *11 12)
[    0.197236] ACPI: PCI Interrupt Link [LNKE] (IRQs 3 4 5 7 *9 10 11 12)
[    0.197274] ACPI: PCI Interrupt Link [LNKF] (IRQs 3 4 5 7 9 10 *11 12)
[    0.197310] ACPI: PCI Interrupt Link [LNKG] (IRQs 3 4 5 7 9 *10 11 12)
[    0.197347] ACPI: PCI Interrupt Link [LNKH] (IRQs 3 4 5 7 9 10 *11 12)
[    0.197438] vgaarb: device added: PCI:0000:01:00.0,decodes=io+mem,owns=io+mem,locks=none
[    0.197440] vgaarb: loaded
[    0.197441] vgaarb: bridge control possible 0000:01:00.0
[    0.197584] SCSI subsystem initialized
[    0.197627] libata version 3.00 loaded.
[    0.197656] usbcore: registered new interface driver usbfs
[    0.197665] usbcore: registered new interface driver hub
[    0.197685] usbcore: registered new device driver usb
[    0.197745] PCI: Using ACPI for IRQ routing
[    0.200192] PCI: pci_cache_line_size set to 64 bytes
[    0.200256] reserve RAM buffer: 000000000009fc00 - 000000000009ffff 
[    0.200258] reserve RAM buffer: 00000000cf0a4000 - 00000000cfffffff 
[    0.200261] reserve RAM buffer: 00000000cfdf1000 - 00000000cfffffff 
[    0.200263] reserve RAM buffer: 00000000cfe8a000 - 00000000cfffffff 
[    0.200265] reserve RAM buffer: 00000000cfee6000 - 00000000cfffffff 
[    0.200266] reserve RAM buffer: 00000000cfef3000 - 00000000cfffffff 
[    0.200268] reserve RAM buffer: 00000000cff00000 - 00000000cfffffff 
[    0.200336] NetLabel: Initializing
[    0.200337] NetLabel:  domain hash size = 128
[    0.200338] NetLabel:  protocols = UNLABELED CIPSOv4
[    0.200349] NetLabel:  unlabeled traffic allowed by default
[    0.200461] hpet clockevent registered
[    0.200465] HPET: 4 timers in total, 0 timers will be used for per-cpu timer
[    0.200469] hpet0: at MMIO 0xfed00000, IRQs 2, 8, 0, 0
[    0.200472] hpet0: 4 comparators, 64-bit 14.318180 MHz counter
[    0.204076] Switching to clocksource hpet
[    0.207719] Switched to NOHz mode on CPU #0
[    0.207813] Switched to NOHz mode on CPU #1
[    0.209125] AppArmor: AppArmor Filesystem Enabled
[    0.209149] pnp: PnP ACPI init
[    0.209168] ACPI: bus type pnp registered
[    0.209607] pnp 00:00: [bus 00-ff]
[    0.209610] pnp 00:00: [io  0x0cf8-0x0cff]
[    0.209611] pnp 00:00: [io  0x0000-0x0cf7 window]
[    0.209613] pnp 00:00: [io  0x0d00-0xffff window]
[    0.209615] pnp 00:00: [mem 0x000a0000-0x000bffff window]
[    0.209616] pnp 00:00: [mem 0x000e0000-0x000effff window]
[    0.209618] pnp 00:00: [mem 0xf8000000-0xfeafffff window]
[    0.209622] pnp 00:00: [mem 0xd0000000-0xefffffff window]
[    0.209661] pnp 00:00: Plug and Play ACPI device, IDs PNP0a03 (active)
[    0.209673] pnp 00:01: [mem 0xf0000000-0xf7ffffff]
[    0.209674] pnp 00:01: [mem 0xfeb00000-0xfeb03fff]
[    0.209676] pnp 00:01: [mem 0xfed13000-0xfed13fff]
[    0.209677] pnp 00:01: [mem 0xfed14000-0xfed17fff]
[    0.209679] pnp 00:01: [mem 0xfed18000-0xfed18fff]
[    0.209680] pnp 00:01: [mem 0xfed19000-0xfed19fff]
[    0.209681] pnp 00:01: [mem 0xfed1c000-0xfed1ffff]
[    0.209683] pnp 00:01: [mem 0xfed20000-0xfed3ffff]
[    0.209684] pnp 00:01: [mem 0xfed45000-0xfed99fff]
[    0.209686] pnp 00:01: [mem 0x000c0000-0x000dffff]
[    0.209687] pnp 00:01: [mem 0x000e0000-0x000fffff]
[    0.209688] pnp 00:01: [mem 0xffc00000-0xffffffff]
[    0.209730] system 00:01: [mem 0xf0000000-0xf7ffffff] has been reserved
[    0.209732] system 00:01: [mem 0xfeb00000-0xfeb03fff] has been reserved
[    0.209735] system 00:01: [mem 0xfed13000-0xfed13fff] has been reserved
[    0.209737] system 00:01: [mem 0xfed14000-0xfed17fff] has been reserved
[    0.209739] system 00:01: [mem 0xfed18000-0xfed18fff] has been reserved
[    0.209741] system 00:01: [mem 0xfed19000-0xfed19fff] has been reserved
[    0.209742] system 00:01: [mem 0xfed1c000-0xfed1ffff] has been reserved
[    0.209744] system 00:01: [mem 0xfed20000-0xfed3ffff] has been reserved
[    0.209746] system 00:01: [mem 0xfed45000-0xfed99fff] has been reserved
[    0.209748] system 00:01: [mem 0x000c0000-0x000dffff] could not be reserved
[    0.209750] system 00:01: [mem 0x000e0000-0x000fffff] could not be reserved
[    0.209752] system 00:01: [mem 0xffc00000-0xffffffff] could not be reserved
[    0.209755] system 00:01: Plug and Play ACPI device, IDs PNP0c02 (active)
[    0.209836] pnp 00:02: [io  0x0000-0x000f]
[    0.209838] pnp 00:02: [io  0x0081-0x0083]
[    0.209839] pnp 00:02: [io  0x0087]
[    0.209840] pnp 00:02: [io  0x0089-0x008b]
[    0.209842] pnp 00:02: [io  0x008f]
[    0.209843] pnp 00:02: [io  0x00c0-0x00df]
[    0.209845] pnp 00:02: [dma 4]
[    0.209862] pnp 00:02: Plug and Play ACPI device, IDs PNP0200 (active)
[    0.209869] pnp 00:03: [io  0x0070-0x0071]
[    0.209870] pnp 00:03: [io  0x0074-0x0077]
[    0.209879] pnp 00:03: [irq 8]
[    0.209899] pnp 00:03: Plug and Play ACPI device, IDs PNP0b00 (active)
[    0.209906] pnp 00:04: [io  0x00f0]
[    0.209910] pnp 00:04: [irq 13]
[    0.209928] pnp 00:04: Plug and Play ACPI device, IDs PNP0c04 (active)
[    0.209935] pnp 00:05: [io  0x0061]
[    0.209952] pnp 00:05: Plug and Play ACPI device, IDs PNP0800 (active)
[    0.209959] pnp 00:06: [io  0x0500-0x053f]
[    0.209961] pnp 00:06: [io  0x0400-0x047f]
[    0.209962] pnp 00:06: [io  0x0092]
[    0.209963] pnp 00:06: [io  0x0680-0x06ff]
[    0.209965] pnp 00:06: [io  0x0010-0x001f]
[    0.209966] pnp 00:06: [io  0x0072-0x0073]
[    0.209967] pnp 00:06: [io  0x0080]
[    0.209969] pnp 00:06: [io  0x0084-0x0086]
[    0.209970] pnp 00:06: [io  0x0088]
[    0.209971] pnp 00:06: [io  0x008c-0x008e]
[    0.209972] pnp 00:06: [io  0x0090-0x009f]
[    0.210014] system 00:06: [io  0x0500-0x053f] has been reserved
[    0.210016] system 00:06: [io  0x0400-0x047f] has been reserved
[    0.210018] system 00:06: [io  0x0680-0x06ff] has been reserved
[    0.210021] system 00:06: Plug and Play ACPI device, IDs PNP0c02 (active)
[    0.210052] pnp 00:07: [io  0x0060]
[    0.210054] pnp 00:07: [io  0x0064]
[    0.210084] system 00:07: Plug and Play ACPI device, IDs PNP0c02 (active)
[    0.210315] pnp 00:08: [mem 0xfec00000-0xfec000ff]
[    0.210338] pnp 00:08: Plug and Play ACPI device, IDs PNP0003 (active)
[    0.210374] pnp: PnP ACPI: found 9 devices
[    0.210375] ACPI: ACPI bus type pnp unregistered
[    0.215935] pci 0000:01:00.0: no compatible bridge window for [mem 0xfffe0000-0xffffffff pref]
[    0.215940] PCI: max bus depth: 1 pci_try_num: 2
[    0.215967] pci 0000:00:1c.4: BAR 15: assigned [mem 0xf8000000-0xf81fffff 64bit pref]
[    0.215970] pci 0000:00:1c.0: BAR 15: assigned [mem 0xf8200000-0xf83fffff 64bit pref]
[    0.215973] pci 0000:00:1c.0: BAR 13: assigned [io  0x4000-0x4fff]
[    0.215976] pci 0000:01:00.0: BAR 6: can't assign mem pref (size 0x20000)
[    0.215978] pci 0000:00:01.0: PCI bridge to [bus 01-01]
[    0.215980] pci 0000:00:01.0:   bridge window [io  0x2000-0x2fff]
[    0.215983] pci 0000:00:01.0:   bridge window [mem 0xe0000000-0xe2ffffff]
[    0.215985] pci 0000:00:01.0:   bridge window [mem 0xd0000000-0xdfffffff 64bit pref]
[    0.215988] pci 0000:00:1c.0: PCI bridge to [bus 02-02]
[    0.215990] pci 0000:00:1c.0:   bridge window [io  0x4000-0x4fff]
[    0.215994] pci 0000:00:1c.0:   bridge window [mem 0xe3300000-0xe33fffff]
[    0.216007] pci 0000:00:1c.0:   bridge window [mem 0xf8200000-0xf83fffff 64bit pref]
[    0.216012] pci 0000:00:1c.4: PCI bridge to [bus 03-03]
[    0.216014] pci 0000:00:1c.4:   bridge window [io  0x1000-0x1fff]
[    0.216018] pci 0000:00:1c.4:   bridge window [mem 0xe3100000-0xe31fffff]
[    0.216021] pci 0000:00:1c.4:   bridge window [mem 0xf8000000-0xf81fffff 64bit pref]
[    0.216026] pci 0000:00:1e.0: PCI bridge to [bus 04-04]
[    0.216027] pci 0000:00:1e.0:   bridge window [io  disabled]
[    0.216031] pci 0000:00:1e.0:   bridge window [mem 0xe3000000-0xe30fffff]
[    0.216034] pci 0000:00:1e.0:   bridge window [mem pref disabled]
[    0.216046] pci 0000:00:01.0: PCI INT A -> GSI 16 (level, low) -> IRQ 16
[    0.216049] pci 0000:00:01.0: setting latency timer to 64
[    0.216053] pci 0000:00:1c.0: enabling device (0000 -> 0003)
[    0.216058] pci 0000:00:1c.0: PCI INT A -> GSI 17 (level, low) -> IRQ 17
[    0.216062] pci 0000:00:1c.0: setting latency timer to 64
[    0.216067] pci 0000:00:1c.4: PCI INT A -> GSI 17 (level, low) -> IRQ 17
[    0.216070] pci 0000:00:1c.4: setting latency timer to 64
[    0.216074] pci 0000:00:1e.0: setting latency timer to 64
[    0.216077] pci_bus 0000:00: resource 4 [io  0x0000-0x0cf7]
[    0.216079] pci_bus 0000:00: resource 5 [io  0x0d00-0xffff]
[    0.216081] pci_bus 0000:00: resource 6 [mem 0x000a0000-0x000bffff]
[    0.216082] pci_bus 0000:00: resource 7 [mem 0x000e0000-0x000effff]
[    0.216084] pci_bus 0000:00: resource 8 [mem 0xf8000000-0xfeafffff]
[    0.216086] pci_bus 0000:00: resource 9 [mem 0xd0000000-0xefffffff]
[    0.216087] pci_bus 0000:01: resource 0 [io  0x2000-0x2fff]
[    0.216089] pci_bus 0000:01: resource 1 [mem 0xe0000000-0xe2ffffff]
[    0.216091] pci_bus 0000:01: resource 2 [mem 0xd0000000-0xdfffffff 64bit pref]
[    0.216093] pci_bus 0000:02: resource 0 [io  0x4000-0x4fff]
[    0.216094] pci_bus 0000:02: resource 1 [mem 0xe3300000-0xe33fffff]
[    0.216096] pci_bus 0000:02: resource 2 [mem 0xf8200000-0xf83fffff 64bit pref]
[    0.216098] pci_bus 0000:03: resource 0 [io  0x1000-0x1fff]
[    0.216100] pci_bus 0000:03: resource 1 [mem 0xe3100000-0xe31fffff]
[    0.216101] pci_bus 0000:03: resource 2 [mem 0xf8000000-0xf81fffff 64bit pref]
[    0.216103] pci_bus 0000:04: resource 1 [mem 0xe3000000-0xe30fffff]
[    0.216105] pci_bus 0000:04: resource 4 [io  0x0000-0x0cf7]
[    0.216107] pci_bus 0000:04: resource 5 [io  0x0d00-0xffff]
[    0.216108] pci_bus 0000:04: resource 6 [mem 0x000a0000-0x000bffff]
[    0.216110] pci_bus 0000:04: resource 7 [mem 0x000e0000-0x000effff]
[    0.216112] pci_bus 0000:04: resource 8 [mem 0xf8000000-0xfeafffff]
[    0.216113] pci_bus 0000:04: resource 9 [mem 0xd0000000-0xefffffff]
[    0.216142] NET: Registered protocol family 2
[    0.216323] IP route cache hash table entries: 262144 (order: 9, 2097152 bytes)
[    0.217390] TCP established hash table entries: 524288 (order: 11, 8388608 bytes)
[    0.220164] TCP bind hash table entries: 65536 (order: 8, 1048576 bytes)
[    0.220522] TCP: Hash tables configured (established 524288 bind 65536)
[    0.220524] TCP reno registered
[    0.220539] UDP hash table entries: 4096 (order: 5, 131072 bytes)
[    0.220591] UDP-Lite hash table entries: 4096 (order: 5, 131072 bytes)
[    0.220738] NET: Registered protocol family 1
[    0.221091] pci 0000:01:00.0: Boot video device
[    0.221098] PCI: CLS 64 bytes, default 64
[    0.221101] PCI-DMA: Using software bounce buffering for IO (SWIOTLB)
[    0.221103] Placing 64MB software IO TLB between ffff8800cb0a4000 - ffff8800cf0a4000
[    0.221105] software IO TLB at phys 0xcb0a4000 - 0xcf0a4000
[    0.221362] audit: initializing netlink socket (disabled)
[    0.221369] type=2000 audit(1329496520.216:1): initialized
[    0.253101] HugeTLB registered 2 MB page size, pre-allocated 0 pages
[    0.286819] VFS: Disk quotas dquot_6.5.2
[    0.286866] Dquot-cache hash table entries: 512 (order 0, 4096 bytes)
[    0.287285] fuse init (API version 7.16)
[    0.287348] msgmni has been set to 15964
[    0.287575] Block layer SCSI generic (bsg) driver version 0.4 loaded (major 253)
[    0.287598] io scheduler noop registered
[    0.287600] io scheduler deadline registered
[    0.287629] io scheduler cfq registered (default)
[    0.287708] pcieport 0000:00:01.0: setting latency timer to 64
[    0.287733] pcieport 0000:00:01.0: irq 40 for MSI/MSI-X
[    0.287765] pcieport 0000:00:1c.0: setting latency timer to 64
[    0.287794] pcieport 0000:00:1c.0: irq 41 for MSI/MSI-X
[    0.287837] pcieport 0000:00:1c.4: setting latency timer to 64
[    0.287866] pcieport 0000:00:1c.4: irq 42 for MSI/MSI-X
[    0.287921] pci_hotplug: PCI Hot Plug PCI Core version: 0.5
[    0.287938] pciehp: PCI Express Hot Plug Controller Driver version: 0.4
[    0.287972] intel_idle: MWAIT substates: 0x22220
[    0.287973] intel_idle: does not run on family 6 model 23
[    0.288037] input: Sleep Button as /devices/LNXSYSTM:00/device:00/PNP0C0E:00/input/input0
[    0.288042] ACPI: Sleep Button [SLPB]
[    0.288077] input: Power Button as /devices/LNXSYSTM:00/LNXPWRBN:00/input/input1
[    0.288080] ACPI: Power Button [PWRF]
[    0.288099] ACPI: acpi_idle registered with cpuidle
[    0.288183] Monitor-Mwait will be used to enter C-1 state
[    0.288188] Marking TSC unstable due to TSC halts in idle
[    0.296803] ERST: Table is not found!
[    0.296847] Serial: 8250/16550 driver, 32 ports, IRQ sharing enabled
[    0.324080] serial8250: ttyS1 at I/O 0x2f8 (irq = 3) is a NS16550A
[    0.381711] Freeing initrd memory: 13476k freed
[    0.440256] Linux agpgart interface v0.103
[    0.441056] brd: module loaded
[    0.441423] loop: module loaded
[    0.441529] ata_piix 0000:00:1f.2: version 2.13
[    0.441551] ata_piix 0000:00:1f.2: PCI INT A -> GSI 21 (level, low) -> IRQ 21
[    0.441555] ata_piix 0000:00:1f.2: MAP [ P0 P2 P1 P3 ]
[    0.441593] ata_piix 0000:00:1f.2: setting latency timer to 64
[    0.441802] scsi0 : ata_piix
[    0.441863] scsi1 : ata_piix
[    0.441960] ata1: SATA max UDMA/133 cmd 0x3458 ctl 0x346c bmdma 0x3430 irq 21
[    0.441963] ata2: SATA max UDMA/133 cmd 0x3450 ctl 0x3468 bmdma 0x3438 irq 21
[    0.441997] ata_piix 0000:00:1f.5: PCI INT A -> GSI 21 (level, low) -> IRQ 21
[    0.442006] ata_piix 0000:00:1f.5: MAP [ P0 -- P1 -- ]
[    0.442033] ata_piix 0000:00:1f.5: setting latency timer to 64
[    0.442165] scsi2 : ata_piix
[    0.442213] scsi3 : ata_piix
[    0.442273] ata3: SATA max UDMA/133 cmd 0x3448 ctl 0x3464 bmdma 0x3410 irq 21
[    0.442276] ata4: SATA max UDMA/133 cmd 0x3440 ctl 0x3460 bmdma 0x3418 irq 21
[    0.442322] pata_acpi 0000:03:00.0: PCI INT A -> GSI 16 (level, low) -> IRQ 16
[    0.442342] pata_acpi 0000:03:00.0: setting latency timer to 64
[    0.442352] pata_acpi 0000:03:00.0: PCI INT A disabled
[    0.442550] Fixed MDIO Bus: probed
[    0.442566] PPP generic driver version 2.4.2
[    0.442590] tun: Universal TUN/TAP device driver, 1.6
[    0.442591] tun: (C) 1999-2004 Max Krasnyansky <maxk@qualcomm.com>
[    0.442646] ehci_hcd: USB 2.0 'Enhanced' Host Controller (EHCI) Driver
[    0.442660] ehci_hcd 0000:00:1a.7: PCI INT C -> GSI 17 (level, low) -> IRQ 17
[    0.442678] ehci_hcd 0000:00:1a.7: setting latency timer to 64
[    0.442681] ehci_hcd 0000:00:1a.7: EHCI Host Controller
[    0.442704] ehci_hcd 0000:00:1a.7: new USB bus registered, assigned bus number 1
[    0.442728] ehci_hcd 0000:00:1a.7: debug port 1
[    0.446612] ehci_hcd 0000:00:1a.7: cache line size of 64 is not supported
[    0.446622] ehci_hcd 0000:00:1a.7: irq 17, io mem 0xe3225400
[    0.460010] ehci_hcd 0000:00:1a.7: USB 2.0 started, EHCI 1.00
[    0.460134] hub 1-0:1.0: USB hub found
[    0.460139] hub 1-0:1.0: 6 ports detected
[    0.460199] ehci_hcd 0000:00:1d.7: PCI INT A -> GSI 23 (level, low) -> IRQ 23
[    0.460208] ehci_hcd 0000:00:1d.7: setting latency timer to 64
[    0.460210] ehci_hcd 0000:00:1d.7: EHCI Host Controller
[    0.460234] ehci_hcd 0000:00:1d.7: new USB bus registered, assigned bus number 2
[    0.460255] ehci_hcd 0000:00:1d.7: debug port 1
[    0.464132] ehci_hcd 0000:00:1d.7: cache line size of 64 is not supported
[    0.464141] ehci_hcd 0000:00:1d.7: irq 23, io mem 0xe3225000
[    0.480012] ehci_hcd 0000:00:1d.7: USB 2.0 started, EHCI 1.00
[    0.480108] hub 2-0:1.0: USB hub found
[    0.480112] hub 2-0:1.0: 6 ports detected
[    0.480175] ohci_hcd: USB 1.1 'Open' Host Controller (OHCI) Driver
[    0.480183] uhci_hcd: USB Universal Host Controller Interface driver
[    0.480199] uhci_hcd 0000:00:1a.0: PCI INT A -> GSI 18 (level, low) -> IRQ 18
[    0.480204] uhci_hcd 0000:00:1a.0: setting latency timer to 64
[    0.480207] uhci_hcd 0000:00:1a.0: UHCI Host Controller
[    0.480229] uhci_hcd 0000:00:1a.0: new USB bus registered, assigned bus number 3
[    0.480255] uhci_hcd 0000:00:1a.0: irq 18, io base 0x000030c0
[    0.480336] hub 3-0:1.0: USB hub found
[    0.480339] hub 3-0:1.0: 2 ports detected
[    0.480381] uhci_hcd 0000:00:1a.1: PCI INT B -> GSI 21 (level, low) -> IRQ 21
[    0.480385] uhci_hcd 0000:00:1a.1: setting latency timer to 64
[    0.480387] uhci_hcd 0000:00:1a.1: UHCI Host Controller
[    0.480409] uhci_hcd 0000:00:1a.1: new USB bus registered, assigned bus number 4
[    0.480428] uhci_hcd 0000:00:1a.1: irq 21, io base 0x000030a0
[    0.480510] hub 4-0:1.0: USB hub found
[    0.480513] hub 4-0:1.0: 2 ports detected
[    0.480554] uhci_hcd 0000:00:1a.2: PCI INT C -> GSI 17 (level, low) -> IRQ 17
[    0.480558] uhci_hcd 0000:00:1a.2: setting latency timer to 64
[    0.480561] uhci_hcd 0000:00:1a.2: UHCI Host Controller
[    0.480584] uhci_hcd 0000:00:1a.2: new USB bus registered, assigned bus number 5
[    0.480603] uhci_hcd 0000:00:1a.2: irq 17, io base 0x00003080
[    0.480682] hub 5-0:1.0: USB hub found
[    0.480685] hub 5-0:1.0: 2 ports detected
[    0.480727] uhci_hcd 0000:00:1d.0: PCI INT A -> GSI 23 (level, low) -> IRQ 23
[    0.480731] uhci_hcd 0000:00:1d.0: setting latency timer to 64
[    0.480733] uhci_hcd 0000:00:1d.0: UHCI Host Controller
[    0.480761] uhci_hcd 0000:00:1d.0: new USB bus registered, assigned bus number 6
[    0.480780] uhci_hcd 0000:00:1d.0: irq 23, io base 0x00003060
[    0.480860] hub 6-0:1.0: USB hub found
[    0.480865] hub 6-0:1.0: 2 ports detected
[    0.480909] uhci_hcd 0000:00:1d.1: PCI INT B -> GSI 19 (level, low) -> IRQ 19
[    0.480913] uhci_hcd 0000:00:1d.1: setting latency timer to 64
[    0.480915] uhci_hcd 0000:00:1d.1: UHCI Host Controller
[    0.480937] uhci_hcd 0000:00:1d.1: new USB bus registered, assigned bus number 7
[    0.480964] uhci_hcd 0000:00:1d.1: irq 19, io base 0x00003040
[    0.481043] hub 7-0:1.0: USB hub found
[    0.481046] hub 7-0:1.0: 2 ports detected
[    0.481090] uhci_hcd 0000:00:1d.2: PCI INT C -> GSI 18 (level, low) -> IRQ 18
[    0.481094] uhci_hcd 0000:00:1d.2: setting latency timer to 64
[    0.481096] uhci_hcd 0000:00:1d.2: UHCI Host Controller
[    0.481119] uhci_hcd 0000:00:1d.2: new USB bus registered, assigned bus number 8
[    0.481138] uhci_hcd 0000:00:1d.2: irq 18, io base 0x00003020
[    0.481216] hub 8-0:1.0: USB hub found
[    0.481219] hub 8-0:1.0: 2 ports detected
[    0.481283] i8042: PNP: No PS/2 controller found. Probing ports directly.
[    0.484303] serio: i8042 KBD port at 0x60,0x64 irq 1
[    0.484308] serio: i8042 AUX port at 0x60,0x64 irq 12
[    0.484382] mousedev: PS/2 mouse device common for all mice
[    0.484468] rtc_cmos 00:03: RTC can wake from S4
[    0.484542] rtc_cmos 00:03: rtc core: registered rtc_cmos as rtc0
[    0.484562] rtc0: alarms up to one month, 114 bytes nvram, hpet irqs
[    0.484629] device-mapper: uevent: version 1.0.3
[    0.484679] device-mapper: ioctl: 4.20.0-ioctl (2011-02-02) initialised: dm-devel@redhat.com
[    0.484721] cpuidle: using governor ladder
[    0.484781] cpuidle: using governor menu
[    0.484783] EFI Variables Facility v0.08 2004-May-17
[    0.484960] TCP cubic registered
[    0.485046] NET: Registered protocol family 10
[    0.485392] NET: Registered protocol family 17
[    0.485403] Registering the dns_resolver key type
[    0.485473] PM: Hibernation image not present or could not be loaded.
[    0.485484] registered taskstats version 1
[    0.506277]   Magic number: 0:977:590
[    0.506360] rtc_cmos 00:03: setting system clock to 2012-02-17 16:35:21 UTC (1329496521)
[    0.509209] BIOS EDD facility v0.16 2004-Jun-25, 0 devices found
[    0.509211] EDD information not available.
[    0.770555] ata4: SATA link down (SStatus 0 SControl 300)
[    0.781081] ata3: SATA link down (SStatus 0 SControl 300)
[    0.781092] usb 1-3: new high speed USB device number 2 using ehci_hcd
[    1.236067] ata1.00: SATA link up 3.0 Gbps (SStatus 123 SControl 300)
[    1.236079] ata1.01: SATA link up 3.0 Gbps (SStatus 123 SControl 300)
[    1.248064] ata2.00: SATA link up 1.5 Gbps (SStatus 113 SControl 300)
[    1.248077] ata2.01: SATA link down (SStatus 0 SControl 300)
[    1.248087] ata2.01: link offline, clearing class 3 to NONE
[    1.252333] ata1.00: ATA-8: ST3500418AS, CC38, max UDMA/133
[    1.252336] ata1.00: 976773168 sectors, multi 16: LBA48 NCQ (depth 0/32)
[    1.252542] ata1.01: ATA-8: ST31000528AS, CC38, max UDMA/133
[    1.252545] ata1.01: 1953525168 sectors, multi 16: LBA48 NCQ (depth 0/32)
[    1.256129] ata2.00: ATAPI: TSSTcorpDVD-ROM SH-D163C, SB01, max UDMA/100
[    1.268332] ata1.00: configured for UDMA/133
[    1.272146] ata2.00: configured for UDMA/100
[    1.284327] ata1.01: configured for UDMA/133
[    1.284451] scsi 0:0:0:0: Direct-Access     ATA      ST3500418AS      CC38 PQ: 0 ANSI: 5
[    1.284547] sd 0:0:0:0: [sda] 976773168 512-byte logical blocks: (500 GB/465 GiB)
[    1.284555] sd 0:0:0:0: Attached scsi generic sg0 type 0
[    1.284585] sd 0:0:0:0: [sda] Write Protect is off
[    1.284587] sd 0:0:0:0: [sda] Mode Sense: 00 3a 00 00
[    1.284616] sd 0:0:0:0: [sda] Write cache: enabled, read cache: enabled, doesn't support DPO or FUA
[    1.284697] scsi 0:0:1:0: Direct-Access     ATA      ST31000528AS     CC38 PQ: 0 ANSI: 5
[    1.284773] sd 0:0:1:0: Attached scsi generic sg1 type 0
[    1.285641] scsi 1:0:0:0: CD-ROM            TSSTcorp DVD-ROM SH-D163C SB01 PQ: 0 ANSI: 5
[    1.288027] sr0: scsi3-mmc drive: 1x/32x cd/rw xa/form2 cdda tray
[    1.288030] cdrom: Uniform CD-ROM driver Revision: 3.20
[    1.288110] sr 1:0:0:0: Attached scsi CD-ROM sr0
[    1.288159] sr 1:0:0:0: Attached scsi generic sg2 type 5
[    1.308700] sd 0:0:1:0: [sdb] 1953525168 512-byte logical blocks: (1.00 TB/931 GiB)
[    1.341364] sd 0:0:1:0: [sdb] Write Protect is off
[    1.341367] sd 0:0:1:0: [sdb] Mode Sense: 00 3a 00 00
[    1.353975] sd 0:0:1:0: [sdb] Write cache: enabled, read cache: enabled, doesn't support DPO or FUA
[    1.366032]  sda: sda1 sda2 sda3 < sda5 sda6 sda7 sda8 >
[    1.369214]  sdb: sdb1
[    1.369289] sd 0:0:0:0: [sda] Attached SCSI disk
[    1.369424] sd 0:0:1:0: [sdb] Attached SCSI disk
[    1.370724] Freeing unused kernel memory: 988k freed
[    1.370873] Write protecting the kernel read-only data: 12288k
[    1.376126] Freeing unused kernel memory: 2036k freed
[    1.379965] Freeing unused kernel memory: 1388k freed
[    1.391102] udevd[91]: starting version 173
[    1.406930] e1000e: Intel(R) PRO/1000 Network Driver - 1.3.10-k2
[    1.406933] e1000e: Copyright(c) 1999 - 2011 Intel Corporation.
[    1.406964] e1000e 0000:00:19.0: PCI INT A -> GSI 20 (level, low) -> IRQ 20
[    1.406973] e1000e 0000:00:19.0: setting latency timer to 64
[    1.407072] e1000e 0000:00:19.0: irq 43 for MSI/MSI-X
[    1.419090] Btrfs loaded
[    1.435733] ahci 0000:03:00.0: version 3.0
[    1.435886] pata_marvell 0000:03:00.0: PCI INT A -> GSI 16 (level, low) -> IRQ 16
[    1.435909] pata_marvell 0000:03:00.0: setting latency timer to 64
[    1.440923] scsi4 : pata_marvell
[    1.444691] scsi5 : pata_marvell
[    1.444741] ata5: PATA max UDMA/100 cmd 0x1018 ctl 0x1024 bmdma 0x1000 irq 16
[    1.444743] ata6: PATA max UDMA/133 cmd 0x1010 ctl 0x1020 bmdma 0x1008 irq 16
[    1.488025] usb 8-1: new low speed USB device number 2 using uhci_hcd
[    1.734128] e1000e 0000:00:19.0: eth0: (PCI Express:2.5GT/s:Width x1) 00:1c:c0:ac:f4:68
[    1.734131] e1000e 0000:00:19.0: eth0: Intel(R) PRO/1000 Network Connection
[    1.734151] e1000e 0000:00:19.0: eth0: MAC: 7, PHY: 6, PBA No: FFFFFF-0FF
[    1.776327] firewire_ohci 0000:04:03.0: PCI INT A -> GSI 19 (level, low) -> IRQ 19
[    1.813499] input: HID 046a:0011 as /devices/pci0000:00/0000:00:1d.2/usb8/8-1/8-1:1.0/input/input2
[    1.813556] generic-usb 0003:046A:0011.0001: input,hidraw0: USB HID v1.11 Keyboard [HID 046a:0011] on usb-0000:00:1d.2-1/input0
[    1.813566] usbcore: registered new interface driver usbhid
[    1.813567] usbhid: USB HID core driver
[    1.832075] firewire_ohci: Added fw-ohci device 0000:04:03.0, OHCI v1.10, 4 IR + 8 IT contexts, quirks 0x2
[    1.920035] usb 8-2: new low speed USB device number 3 using uhci_hcd
[    2.111393] input: Logitech USB-PS/2 Optical Mouse as /devices/pci0000:00/0000:00:1d.2/usb8/8-2/8-2:1.0/input/input3
[    2.111458] generic-usb 0003:046D:C050.0002: input,hidraw1: USB HID v1.10 Mouse [Logitech USB-PS/2 Optical Mouse] on usb-0000:00:1d.2-2/input0
[    2.268422] EXT4-fs (sda2): INFO: recovery required on readonly filesystem
[    2.268424] EXT4-fs (sda2): write access will be enabled during recovery
[    2.332136] firewire_core: created device fw0: GUID 0090270002449971, S400
[    3.622276] EXT4-fs (sda2): orphan cleanup on readonly fs
[    3.622283] EXT4-fs (sda2): ext4_orphan_cleanup: deleting unreferenced inode 128604
[    3.622339] EXT4-fs (sda2): ext4_orphan_cleanup: deleting unreferenced inode 129296
[    3.622360] EXT4-fs (sda2): 2 orphan inodes deleted
[    3.622362] EXT4-fs (sda2): recovery complete
[    3.747328] EXT4-fs (sda2): mounted filesystem with ordered data mode. Opts: (null)
[    4.302637] init: ureadahead main process (297) terminated with status 5
[    4.593317] udevd[334]: starting version 173
[    4.641178] Adding 7811068k swap on /dev/sda1.  Priority:-1 extents:1 across:7811068k 
[    4.937840] lp: driver loaded but no devices found
[    5.312925] EDAC MC: Ver: 2.1.0
[    5.334089] EDAC MC0: Giving out device to 'x38_edac' 'x38': DEV 0000:00:00.0
[    5.829661] Linux video capture interface: v2.00
[    5.837028] uvcvideo: Found UVC 1.00 device <unnamed> (046d:0809)
[    5.871563] input: UVC Camera (046d:0809) as /devices/pci0000:00/0000:00:1a.7/usb1/1-3/1-3:1.0/input/input4
[    5.871624] usbcore: registered new interface driver uvcvideo
[    5.871626] USB Video Class driver (v1.1.0)
[    6.032082] nvidia: module license 'NVIDIA' taints kernel.
[    6.098338] HDA Intel 0000:00:1b.0: PCI INT A -> GSI 22 (level, low) -> IRQ 22
[    6.098380] HDA Intel 0000:00:1b.0: irq 44 for MSI/MSI-X
[    6.098399] HDA Intel 0000:00:1b.0: setting latency timer to 64
[    6.432327] input: HDA Intel Line In at Ext Rear Jack as /devices/pci0000:00/0000:00:1b.0/sound/card0/input5
[    6.432500] input: HDA Intel Mic at Ext Rear Jack as /devices/pci0000:00/0000:00:1b.0/sound/card0/input6
[    6.432614] input: HDA Intel Mic at Ext Front Jack as /devices/pci0000:00/0000:00:1b.0/sound/card0/input7
[    6.432733] input: HDA Intel Speaker at Ext Rear Jack as /devices/pci0000:00/0000:00:1b.0/sound/card0/input8
[    6.432849] input: HDA Intel Speaker at Ext Rear Jack as /devices/pci0000:00/0000:00:1b.0/sound/card0/input9
[    6.433302] input: HDA Intel Speaker at Ext Rear Jack as /devices/pci0000:00/0000:00:1b.0/sound/card0/input10
[    6.433415] input: HDA Intel HP Out at Ext Front Jack as /devices/pci0000:00/0000:00:1b.0/sound/card0/input11
[    6.681303] nvidia 0000:01:00.0: PCI INT A -> GSI 16 (level, low) -> IRQ 16
[    6.681314] nvidia 0000:01:00.0: setting latency timer to 64
[    6.681319] vgaarb: device changed decodes: PCI:0000:01:00.0,olddecodes=io+mem,decodes=none:owns=io+mem
[    6.681413] NVRM: loading NVIDIA UNIX x86_64 Kernel Module  280.13  Wed Jul 27 16:53:56 PDT 2011
[    6.773248] type=1400 audit(1329496527.764:2): apparmor="STATUS" operation="profile_load" name="/sbin/dhclient" pid=539 comm="apparmor_parser"
[    6.773256] type=1400 audit(1329496527.764:3): apparmor="STATUS" operation="profile_replace" name="/sbin/dhclient" pid=477 comm="apparmor_parser"
[    6.773527] type=1400 audit(1329496527.764:4): apparmor="STATUS" operation="profile_load" name="/usr/lib/NetworkManager/nm-dhcp-client.action" pid=539 comm="apparmor_parser"
[    6.773536] type=1400 audit(1329496527.764:5): apparmor="STATUS" operation="profile_replace" name="/usr/lib/NetworkManager/nm-dhcp-client.action" pid=477 comm="apparmor_parser"
[    6.773704] type=1400 audit(1329496527.764:6): apparmor="STATUS" operation="profile_load" name="/usr/lib/connman/scripts/dhclient-script" pid=539 comm="apparmor_parser"
[    6.773714] type=1400 audit(1329496527.764:7): apparmor="STATUS" operation="profile_replace" name="/usr/lib/connman/scripts/dhclient-script" pid=477 comm="apparmor_parser"
[    7.271612] usbcore: registered new interface driver snd-usb-audio
[    7.649596] vesafb: mode is 1920x1200x32, linelength=7680, pages=0
[    7.649598] vesafb: scrolling: redraw
[    7.649600] vesafb: Truecolor: size=8:8:8:8, shift=24:16:8:0
[    7.653314] vesafb: framebuffer at 0xe1000000, mapped to 0xffffc90009f00000, using 9024k, total 9024k
[    7.653474] Console: switching to colour frame buffer device 240x75
[    7.653504] fb0: VESA VGA frame buffer device
[    8.412466] EXT4-fs (sda2): re-mounted. Opts: errors=remount-ro
[   14.594704] EXT4-fs (sda8): mounted filesystem with ordered data mode. Opts: (null)
[   16.967933] EXT4-fs (sda6): mounted filesystem with ordered data mode. Opts: (null)
[   23.958951] EXT4-fs (sda5): mounted filesystem with ordered data mode. Opts: (null)
[   26.277052] EXT4-fs (sda7): mounted filesystem with ordered data mode. Opts: (null)
[   34.086813] type=1400 audit(1329496555.076:8): apparmor="STATUS" operation="profile_load" name="/usr/share/gdm/guest-session/Xsession" pid=917 comm="apparmor_parser"
[   34.088446] type=1400 audit(1329496555.080:9): apparmor="STATUS" operation="profile_replace" name="/sbin/dhclient" pid=919 comm="apparmor_parser"
[   34.088730] type=1400 audit(1329496555.080:10): apparmor="STATUS" operation="profile_replace" name="/usr/lib/NetworkManager/nm-dhcp-client.action" pid=919 comm="apparmor_parser"
[   34.088911] type=1400 audit(1329496555.080:11): apparmor="STATUS" operation="profile_replace" name="/usr/lib/connman/scripts/dhclient-script" pid=919 comm="apparmor_parser"
[   34.095334] type=1400 audit(1329496555.084:12): apparmor="STATUS" operation="profile_load" name="/usr/lib/lightdm/lightdm-guest-session-wrapper" pid=918 comm="apparmor_parser"
[   34.143535] type=1400 audit(1329496555.132:13): apparmor="STATUS" operation="profile_load" name="/usr/lib/telepathy/mission-control-5" pid=922 comm="apparmor_parser"
[   34.143836] type=1400 audit(1329496555.132:14): apparmor="STATUS" operation="profile_load" name="/usr/lib/telepathy/telepathy-*" pid=922 comm="apparmor_parser"
[   34.335487] type=1400 audit(1329496555.324:15): apparmor="STATUS" operation="profile_load" name="/usr/bin/evince" pid=920 comm="apparmor_parser"
[   34.339042] type=1400 audit(1329496555.328:16): apparmor="STATUS" operation="profile_load" name="/usr/bin/evince-previewer" pid=920 comm="apparmor_parser"
[   34.341235] type=1400 audit(1329496555.332:17): apparmor="STATUS" operation="profile_load" name="/usr/bin/evince-thumbnailer" pid=920 comm="apparmor_parser"
[   35.106988] ppdev: user-space parallel port driver
[   35.990678] init: failsafe main process (855) killed by TERM signal
[   36.041767] init: apport pre-start process (1012) terminated with status 1
[   36.090296] init: apport post-stop process (1048) terminated with status 1
[   36.090918] init: gdm main process (1037) killed by TERM signal
[   37.010320] set resolution quirk: cval->res = 384
[   38.693990] e1000e 0000:00:19.0: irq 43 for MSI/MSI-X
[   38.748063] e1000e 0000:00:19.0: irq 43 for MSI/MSI-X
[   38.748808] ADDRCONF(NETDEV_UP): eth0: link is not ready
[   40.100886] e1000e: eth0 NIC Link is Up 100 Mbps Full Duplex, Flow Control: None
[   40.100891] e1000e 0000:00:19.0: eth0: 10/100 speed: disabling TSO
[   40.101572] ADDRCONF(NETDEV_CHANGE): eth0: link becomes ready
[   46.131967] vboxdrv: Found 2 processor cores.
[   46.132458] vboxdrv: fAsync=0 offMin=0x237 offMax=0x9f3
[   46.132583] vboxdrv: TSC mode is 'synchronous', kernel timer mode is 'normal'.
[   46.132585] vboxdrv: Successfully loaded version 4.1.0 (interface 0x00190000).
[   47.019749] vboxpci: IOMMU not found (not registered)
[   47.412962] Bluetooth: Core ver 2.16
[   47.412980] NET: Registered protocol family 31
[   47.412981] Bluetooth: HCI device and connection manager initialized
[   47.412983] Bluetooth: HCI socket layer initialized
[   47.412984] Bluetooth: L2CAP socket layer initialized
[   47.413799] Bluetooth: SCO socket layer initialized
[   47.444254] Bluetooth: BNEP (Ethernet Emulation) ver 1.3
[   47.444256] Bluetooth: BNEP filters: protocol multicast
[   47.454253] Bluetooth: RFCOMM TTY layer initialized
[   47.454256] Bluetooth: RFCOMM socket layer initialized
[   47.454258] Bluetooth: RFCOMM ver 1.11
[   48.588357] enabling dynamically allocated vcaches
[   48.588360] Starting AFS cache scan...found 180 non-empty cache files (11%).
[   50.424015] eth0: no IPv6 routers present
[   52.463449] init: plymouth-stop pre-start process (1560) terminated with status 1
[   52.836849] EXT4-fs (sda2): re-mounted. Opts: errors=remount-ro,commit=0
[   53.056397] EXT4-fs (sda8): re-mounted. Opts: commit=0
[   53.087846] EXT4-fs (sda6): re-mounted. Opts: commit=0
[   53.788349] EXT4-fs (sda5): re-mounted. Opts: commit=0
[   54.555349] EXT4-fs (sda7): re-mounted. Opts: commit=0
